// Jest Snapshot v1, https://goo.gl/fbAQLP

exports[`Audio renders correctly 1`] = `
<audio
  some="prop"
  volume={1}
>
  <source
    src="test.mp3"
    type="audio/mpeg"
  />
</audio>
`;
