// Jest Snapshot v1, https://goo.gl/fbAQLP

exports[`Clip renders nothing 1`] = `""`;
