// Jest Snapshot v1, https://goo.gl/fbAQLP

exports[`Screen renders correctly 1`] = `
<div
  className="is-on-screen"
>
  <Component
    onScreen={true}
    paused={false}
    play={true}
  />
</div>
`;

exports[`Screen renders nothing if no component 1`] = `""`;
