// Jest Snapshot v1, https://goo.gl/fbAQLP

exports[`Sequence renders nothing to begin with 1`] = `null`;

exports[`Sequence renders to steps 1`] = `null`;
