// Jest Snapshot v1, https://goo.gl/fbAQLP

exports[`Track renders nothing 1`] = `""`;
